<?xml version="1.0" encoding="UTF-8"?>
<TestRun id="dd3a5d97-3eb9-4536-a288-c17e047909d0" name="Administrator@WIN2008R2 2010-12-02 13:31:23" runUser="WIN2008R2\Administrator" xmlns="http://microsoft.com/schemas/VisualStudio/TeamTest/2010">
  <TestSettings name="Local" id="b2c30585-e1f3-4ab1-9669-2c13cc885da8">
    <Description>These are default test settings for a local test run.</Description>
    <Deployment enabled="false" runDeploymentRoot="Administrator_WIN2008R2 2010-12-02 13_31_23">
      <DeploymentItem filename="C:\Labs\Lab 4\Start - Copy\NWBusinessSolution\NWMessaging\bin\Debug\NWMessaging.dll" />
      <DeploymentItem filename="C:\Labs\Lab 4\Start - Copy\NWBusinessSolution\FKMessaging\bin\Debug\FKMessaging.dll" />
    </Deployment>
    <Execution>
      <TestTypeSpecific />
      <AgentRule name="Execution Agents">
      </AgentRule>
    </Execution>
  </TestSettings>
  <Times creation="2010-12-02T13:31:23.7419348+01:00" queuing="2010-12-02T13:31:24.2839658+01:00" start="2010-12-02T13:31:24.3679706+01:00" finish="2010-12-02T13:31:24.9860060+01:00" />
  <ResultSummary outcome="Completed">
    <Counters total="1" executed="1" passed="1" error="0" failed="0" timeout="0" aborted="0" inconclusive="0" passedButRunAborted="0" notRunnable="0" notExecuted="0" disconnected="0" warning="0" completed="0" inProgress="0" pending="0" />
  </ResultSummary>
  <TestDefinitions>
    <UnitTest name="CustomerOrderConstructorTest" storage="c:\labs\lab 4\start - copy\nwbusinesssolution\nwtest\bin\debug\nwtest.dll" id="74a02f24-2ba6-7470-cf98-f9d413c98412">
      <Execution id="e07ee681-325d-49c6-8141-9bfbf36faa5d" />
      <TestMethod codeBase="C:/Labs/Lab 4/Start - Copy/NWBusinessSolution/NWTest/bin/Debug/NWTest.DLL" adapterTypeName="Microsoft.VisualStudio.TestTools.TestTypes.Unit.UnitTestAdapter, Microsoft.VisualStudio.QualityTools.Tips.UnitTest.Adapter, Version=10.0.0.0, Culture=neutral, PublicKeyToken=b03f5f7f11d50a3a" className="NWTest.CustomerOrderTest, NWTest, Version=1.0.0.0, Culture=neutral, PublicKeyToken=null" name="CustomerOrderConstructorTest" />
    </UnitTest>
  </TestDefinitions>
  <TestLists>
    <TestList name="Results Not in a List" id="8c84fa94-04c1-424b-9868-57a2d4851a1d" />
    <TestList name="All Loaded Results" id="19431567-8539-422a-85d7-44ee4e166bda" />
  </TestLists>
  <TestEntries>
    <TestEntry testId="74a02f24-2ba6-7470-cf98-f9d413c98412" executionId="e07ee681-325d-49c6-8141-9bfbf36faa5d" testListId="8c84fa94-04c1-424b-9868-57a2d4851a1d" />
  </TestEntries>
  <Results>
    <UnitTestResult executionId="e07ee681-325d-49c6-8141-9bfbf36faa5d" testId="74a02f24-2ba6-7470-cf98-f9d413c98412" testName="CustomerOrderConstructorTest" computerName="WIN2008R2" duration="00:00:00.1644293" startTime="2010-12-02T13:31:24.3829715+01:00" endTime="2010-12-02T13:31:24.9480038+01:00" testType="13cdc9d9-ddb5-4fa4-a97d-d965ccfc6d4b" outcome="Passed" testListId="8c84fa94-04c1-424b-9868-57a2d4851a1d" relativeResultsDirectory="e07ee681-325d-49c6-8141-9bfbf36faa5d">
    </UnitTestResult>
  </Results>
</TestRun>